../Core/Src/display_ssd1963.c:7:10:RGB	16	static
../Core/Src/display_ssd1963.c:12:6:Lcd_Write_Cmd	16	static
../Core/Src/display_ssd1963.c:17:6:Lcd_Write_Data	16	static
../Core/Src/display_ssd1963.c:23:6:LCD_Write_DATA	16	static
../Core/Src/display_ssd1963.c:29:6:LCD_Write_COM	16	static
../Core/Src/display_ssd1963.c:34:6:Lcd_SetArea	24	static
../Core/Src/display_ssd1963.c:51:6:Lcd_FillArea	32	static
../Core/Src/display_ssd1963.c:65:6:Lcd_ClearScreen	24	static
../Core/Src/display_ssd1963.c:79:6:Lcd_SetPixel	16	static
../Core/Src/display_ssd1963.c:88:6:Init_SSD1963	8	static
../Core/Src/display_ssd1963.c:300:7:TFT_Send_Cmd	16	static
../Core/Src/display_ssd1963.c:306:6:TFT_Write_Data	16	static
../Core/Src/display_ssd1963.c:311:6:TFT_Set_X	16	static
../Core/Src/display_ssd1963.c:322:6:TFT_Set_Y	16	static
../Core/Src/display_ssd1963.c:333:6:TFT_Set_XY	16	static
../Core/Src/display_ssd1963.c:341:6:TFT_Set_Work_Area	24	static
../Core/Src/display_ssd1963.c:349:6:TFT_Clear_Screen	24	static
../Core/Src/display_ssd1963.c:361:6:TFT_Draw_Char	40	static
../Core/Src/display_ssd1963.c:383:6:TFT_Draw_String	40	static
../Core/Src/display_ssd1963.c:402:6:TFT_Draw_Line	56	static
../Core/Src/display_ssd1963.c:435:6:TFT_Draw_HLine	32	static
../Core/Src/display_ssd1963.c:445:6:TFT_Draw_VLine	32	static
../Core/Src/display_ssd1963.c:455:6:TFT_Draw_Rectangle	32	static
../Core/Src/display_ssd1963.c:464:6:TFT_Draw_Fill_Rectangle	32	static
../Core/Src/display_ssd1963.c:476:6:TFT_Draw_Inverted_Triangle	48	static
../Core/Src/display_ssd1963.c:492:6:TFT_Draw_Fill_Triangle_Simple	40	static
../Core/Src/display_ssd1963.c:508:6:TFT_Draw_Fill_Triangle_Inverted_Simple	40	static
../Core/Src/display_ssd1963.c:522:6:TFT_Draw_Triangle	32	static
../Core/Src/display_ssd1963.c:532:6:TFT_Draw_Circle	48	static
../Core/Src/display_ssd1963.c:571:6:TFT_Draw_Circle_Helper	48	static
../Core/Src/display_ssd1963.c:608:6:TFT_Draw_Round_Rect	32	static
../Core/Src/display_ssd1963.c:623:6:TFT_Draw_Fill_Circle_Helper	48	static
../Core/Src/display_ssd1963.c:654:6:TFT_Draw_Fill_Round_Rect	32	static
../Core/Src/display_ssd1963.c:662:13:LCD_Char	56	static
../Core/Src/display_ssd1963.c:696:6:LCD_Font	72	static
../Core/Src/display_ssd1963.c:720:6:LCD_Font_BG	88	static
../Core/Src/display_ssd1963.c:770:6:TFT_Draw_Bitmap	32	static
