../Core/Src/menu.h:90:6:starter_Screen	16	static
../Core/Src/menu.h:102:6:home_screen	24	static
../Core/Src/menu.h:115:6:atualiza_Cursor	16	static
../Core/Src/menu.h:148:6:cabecalho	24	static
../Core/Src/menu.h:155:6:header	16	static
../Core/Src/menu.h:170:6:fotter	16	static
../Core/Src/menu.h:235:6:cabecalhos	8	static
../Core/Src/menu.h:248:8:scan_membrana	24	static
../Core/Src/main.c:93:5:main	16	static
../Core/Src/main.c:308:6:SystemClock_Config	88	static
../Core/Src/main.c:355:13:MX_TIM7_Init	16	static
../Core/Src/main.c:393:13:MX_TIM9_Init	24	static
../Core/Src/main.c:431:13:MX_USART1_UART_Init	8	static
../Core/Src/main.c:464:13:MX_GPIO_Init	40	static
../Core/Src/main.c:488:13:MX_FSMC_Init	40	static
../Core/Src/main.c:542:5:__io_putchar	16	static
../Core/Src/main.c:549:5:__io_getchar	4	static
../Core/Src/main.c:553:6:HAL_TIM_PeriodElapsedCallback	32	static
../Core/Src/main.c:620:6:Error_Handler	4	static,ignoring_inline_asm
