../Core/Src/menu.h:116:6:starter_Screen	16	static
../Core/Src/menu.h:180:6:home_screen	24	static
../Core/Src/menu.h:198:6:atualiza_Cursor	32	static
../Core/Src/menu.h:238:6:cabecalho	24	static
../Core/Src/menu.h:245:6:header_fotter	16	static
../Core/Src/menu.h:358:6:cabecalhos	8	static
../Core/Src/menu.h:371:8:scan_membrana	24	static
../Core/Src/main.c:82:5:main	24	static
../Core/Src/main.c:351:6:SystemClock_Config	88	static
../Core/Src/main.c:398:13:MX_TIM7_Init	16	static
../Core/Src/main.c:436:13:MX_TIM9_Init	24	static
../Core/Src/main.c:474:13:MX_USART1_UART_Init	8	static
../Core/Src/main.c:507:13:MX_GPIO_Init	40	static
../Core/Src/main.c:531:13:MX_FSMC_Init	40	static
../Core/Src/main.c:585:5:__io_putchar	16	static
../Core/Src/main.c:592:5:__io_getchar	4	static
../Core/Src/main.c:596:6:HAL_TIM_PeriodElapsedCallback	32	static
../Core/Src/main.c:663:6:Error_Handler	4	static,ignoring_inline_asm
