../Core/Src/stm32f4xx_hal_msp.c:63:6:HAL_MspInit	16	static
../Core/Src/stm32f4xx_hal_msp.c:86:6:HAL_TIM_Base_MspInit	24	static
../Core/Src/stm32f4xx_hal_msp.c:125:6:HAL_TIM_Base_MspDeInit	16	static
../Core/Src/stm32f4xx_hal_msp.c:164:6:HAL_UART_MspInit	48	static
../Core/Src/stm32f4xx_hal_msp.c:201:6:HAL_UART_MspDeInit	16	static
../Core/Src/stm32f4xx_hal_msp.c:226:13:HAL_FSMC_MspInit	32	static
../Core/Src/stm32f4xx_hal_msp.c:284:6:HAL_SRAM_MspInit	16	static
../Core/Src/stm32f4xx_hal_msp.c:296:13:HAL_FSMC_MspDeInit	8	static
../Core/Src/stm32f4xx_hal_msp.c:342:6:HAL_SRAM_MspDeInit	16	static
