../Core/Src/stm32f4xx_hal_msp.c:63:6:HAL_MspInit	16	static
../Core/Src/stm32f4xx_hal_msp.c:86:6:HAL_ADC_MspInit	48	static
../Core/Src/stm32f4xx_hal_msp.c:120:6:HAL_ADC_MspDeInit	16	static
../Core/Src/stm32f4xx_hal_msp.c:148:6:HAL_TIM_Base_MspInit	24	static
../Core/Src/stm32f4xx_hal_msp.c:187:6:HAL_TIM_Base_MspDeInit	16	static
../Core/Src/stm32f4xx_hal_msp.c:226:6:HAL_UART_MspInit	48	static
../Core/Src/stm32f4xx_hal_msp.c:263:6:HAL_UART_MspDeInit	16	static
../Core/Src/stm32f4xx_hal_msp.c:288:13:HAL_FSMC_MspInit	32	static
../Core/Src/stm32f4xx_hal_msp.c:346:6:HAL_SRAM_MspInit	16	static
../Core/Src/stm32f4xx_hal_msp.c:358:13:HAL_FSMC_MspDeInit	8	static
../Core/Src/stm32f4xx_hal_msp.c:404:6:HAL_SRAM_MspDeInit	16	static
